[debug] [2026-08-15T19:19:53.337Z] ----------------------------------------------------------------------
[debug] [2026-08-15T19:19:53.339Z] Command:       C:\Program Files\nodejs\node.exe C:\Users\Aarya\AppData\Roaming\npm\node_modules\firebase-tools\lib\bin\firebase.js emulators:start
[debug] [2026-08-15T19:19:53.339Z] CLI Version:   15.27.0
[debug] [2026-08-15T19:19:53.339Z] Platform:      win32
[debug] [2026-08-15T19:19:53.339Z] Node Version:  v24.18.0
[debug] [2026-08-15T19:19:53.339Z] Detected Agent: unknown
[debug] [2026-08-15T19:19:53.339Z] Time:          Sun Aug 16 2026 00:49:53 GMT+0530 (India Standard Time)
[debug] [2026-08-15T19:19:53.339Z] ----------------------------------------------------------------------
[debug] 
[debug] [2026-08-15T19:19:54.463Z] > command requires scopes: ["email","openid","https://www.googleapis.com/auth/cloudplatformprojects.readonly","https://www.googleapis.com/auth/firebase","https://www.googleapis.com/auth/cloud-platform"]
[debug] [2026-08-15T19:19:54.463Z] > authorizing via signed-in user (aarya.rj0509@gmail.com)
[debug] [2026-08-15T19:19:54.547Z] openjdk version "21.0.8" 2025-07-15 LTS
OpenJDK Runtime Environment Temurin-21.0.8+9 (build 21.0.8+9-LTS)

[debug] [2026-08-15T19:19:54.548Z] OpenJDK 64-Bit Server VM Temurin-21.0.8+9 (build 21.0.8+9-LTS, mixed mode, sharing)

[debug] [2026-08-15T19:19:54.557Z] Parsed Java major version: 21
[info] i  emulators: Starting emulators: functions, firestore, extensions {"metadata":{"emulator":{"name":"hub"},"message":"Starting emulators: functions, firestore, extensions"}}
[debug] [2026-08-15T19:19:54.560Z] Checked if tokens are valid: true, expires at: 1786824994189
[debug] [2026-08-15T19:19:54.560Z] Checked if tokens are valid: true, expires at: 1786824994189
[debug] [2026-08-15T19:19:54.561Z] >>> [apiv2][query] GET https://serviceusage.googleapis.com/v1/projects/placementpro-22829/services/cloudresourcemanager.googleapis.com [none]
[debug] [2026-08-15T19:19:54.561Z] >>> [apiv2][(partial)header] GET https://serviceusage.googleapis.com/v1/projects/placementpro-22829/services/cloudresourcemanager.googleapis.com  x-goog-user-project=placementpro-22829
